8
 energy: -7.336182650602 gnorm: 0.014336136310 xtb: 6.7.1 (6d44803) iter: 1
C            0.75502600000000        0.00593000000000        0.03847300000000
C           -0.75502600000000       -0.00593000000000       -0.03847300000000
H            1.19118200000000       -0.27741400000000       -0.92407700000000
H            1.10679200000000       -0.69958400000000        0.79711000000000
H            1.11869000000000        1.00383400000000        0.30106800000000
H           -1.11868800000000       -1.00383500000000       -0.30106600000000
H           -1.10679400000000        0.69958200000000       -0.79711100000000
H           -1.19118100000000        0.27741700000000        0.92407700000000
8
 energy: -7.336354644392 gnorm: 0.004157019304 xtb: 6.7.1 (6d44803) iter: 2
C            0.75830155491561        0.00595614593200        0.03864013240779
C           -0.75830131734698       -0.00595614872842       -0.03863998397299
H            1.19677724231704       -0.27560564890713       -0.91773206122134
H            1.11290714923470       -0.69517726367583        0.79286350364766
H            1.12473139733876        0.99775885072462        0.29987368111829
H           -1.12473085391919       -0.99775932492165       -0.29987169130676
H           -1.11290735512727        0.69517592664704       -0.79286442120132
H           -1.19677681741265        0.27560746292939        0.91773184052867
8
 energy: -7.336369488724 gnorm: 0.001101974404 xtb: 6.7.1 (6d44803) iter: 3
C            0.75908508122272        0.00596226234384        0.03868015478059
C           -0.75908481913905       -0.00596227377528       -0.03867991475960
H            1.19442623155367       -0.27555200158831       -0.91760321885136
H            1.11057773894682       -0.69501663827693        0.79255787792086
H            1.12239833170024        0.99748935792827        0.29969290435633
H           -1.12239820918160       -0.99748965045636       -0.29969130739342
H           -1.11057737705237        0.69501568821043       -0.79255856830030
H           -1.19442597805043        0.27555325561435        0.91760307224690
8
 energy: -7.336370572196 gnorm: 0.000323240801 xtb: 6.7.1 (6d44803) iter: 4
C            0.75982706327366        0.00596810236479        0.03871799453218
C           -0.75982681697874       -0.00596810559727       -0.03871772605139
H            1.19385534967460       -0.27566745389172       -0.91801232997855
H            1.10997430117414       -0.69529455954841        0.79281321376065
H            1.12179948694235        0.99786877308426        0.29975630473784
H           -1.12179931495997       -0.99786895875279       -0.29975531641230
H           -1.10997395222011        0.69529399834905       -0.79281350644450
H           -1.19385511690594        0.27566820399209        0.91801236585607
