8
 energy: -32.658765770713 gnorm: 0.075609556771 xtb: 6.7.1 (6d44803) iter: 1
F           -1.11813400000000        0.32246600000000        1.36054300000000
C           -0.75400800000000        0.10605200000000        0.07085300000000
F           -1.18653300000000        1.17567400000000       -0.64437500000000
F           -1.46159000000000       -0.96840900000000       -0.36225200000000
C            0.75400800000000       -0.10605300000000       -0.07085500000000
F            1.46158900000000        0.96840900000000        0.36225300000000
F            1.18653200000000       -1.17567500000000        0.64437500000000
F            1.11813700000000       -0.32246500000000       -1.36054300000000
8
 energy: -32.662472821604 gnorm: 0.037667396511 xtb: 6.7.1 (6d44803) iter: 2
F           -1.09744603711087        0.31850363656829        1.35060261160518
C           -0.75697772283435        0.10646974905485        0.07113241376840
F           -1.16540887958695        1.16627752042360       -0.64154606639693
F           -1.43871447667199       -0.96414916485374       -0.36121963960589
C            0.75697779348030       -0.10647044516058       -0.07113385989080
F            1.43871372050453        0.96414899664479        0.36122056886854
F            1.16540813222231       -1.16627837150398        0.64154564019798
F            1.09744846999702       -0.31850292117324       -1.35060266854648
8
 energy: -32.663430770887 gnorm: 0.004563240247 xtb: 6.7.1 (6d44803) iter: 3
F           -1.08783295065473        0.31609821711512        1.34169655235046
C           -0.76438792728907        0.10751219010634        0.07182915671062
F           -1.15535918648272        1.15843375940366       -0.63767266806604
F           -1.42691174149304       -0.95832608659681       -0.35914430304282
C            0.76438810627174       -0.10751257122301       -0.07182988675826
F            1.42691138495768        0.95832564997647        0.35914508359854
F            1.15535884981846       -1.15843444860257        0.63767186555582
F            1.08783446487167       -0.31609771017919       -1.34169680034832
8
 energy: -32.663458411656 gnorm: 0.002288819696 xtb: 6.7.1 (6d44803) iter: 4
F           -1.08982603085026        0.31647905808131        1.34264783249283
C           -0.76638770583167        0.10779351110639        0.07201717192528
F           -1.15739361525973        1.15933382221056       -0.63794150325755
F           -1.42911350848632       -0.95873085287720       -0.35924148664426
C            0.76638791542619       -0.10779384413189       -0.07201772130853
F            1.42911337771470        0.95873038210017        0.35924215586488
F            1.15739344305606       -1.15933453985085        0.63794067042030
F            1.08982712423103       -0.31647853663848       -1.34264811949295
8
 energy: -32.663465532273 gnorm: 0.000125436807 xtb: 6.7.1 (6d44803) iter: 5
F           -1.09103932664565        0.31670326650058        1.34316914463913
C           -0.76832853841486        0.10806654434784        0.07219967285024
F           -1.15862875220768        1.15983486981607       -0.63807069748592
F           -1.43043785964047       -0.95892550619085       -0.35927919997407
C            0.76832877996401       -0.10806681555026       -0.07220000207171
F            1.43043799961734        0.95892498236820        0.35927972470120
F            1.15862878557282       -1.15983558957918        0.63806983688201
F            1.09103991175448       -0.31670275171240       -1.34316947954087
8
 energy: -32.663465543743 gnorm: 0.000052380912 xtb: 6.7.1 (6d44803) iter: 6
F           -1.09100963059819        0.31670205304037        1.34318905541770
C           -0.76843326717166        0.10808128546227        0.07220954408234
F           -1.15860018339142        1.15984911777991       -0.63808704227477
F           -1.43041426183434       -0.95895006660593       -0.35929048624650
C            0.76843351377287       -0.10808154247049       -0.07220982037365
F            1.43041448350987        0.95894953427960        0.35929094470699
F            1.15860028133637       -1.15984981384629        0.63808620233542
F            1.09101006437650       -0.31670156763943       -1.34318939764755
