5
 energy: -20.688760713365 gnorm: 0.029898075720 xtb: 6.7.1 (6d44803) iter: 1
F            0.06093300000000        0.93840900000000       -1.04061300000000
C           -0.00046000000000        0.07269600000000        0.00366100000000
F           -0.07211600000000        0.82825800000000        1.12959600000000
Cl          -1.45075200000000       -0.92439200000000       -0.13585900000000
Cl           1.46239600000000       -0.91497100000000        0.04321500000000
5
 energy: -20.689428490311 gnorm: 0.016450236214 xtb: 6.7.1 (6d44803) iter: 2
F            0.06022425800864        0.93111114273531       -1.02869995997314
C           -0.00045217659747        0.07145440749740        0.00359875083157
F           -0.07132264890574        0.82220395257347        1.11701052324381
Cl          -1.45583331038741       -0.91711158237003       -0.13580123267652
Cl           1.46738487788199       -0.90765792043614        0.04389191857428
5
 energy: -20.689649360664 gnorm: 0.004202724340 xtb: 6.7.1 (6d44803) iter: 3
F            0.05970369706114        0.92709292774266       -1.02002102119949
C           -0.00049596478184        0.07837388077154        0.00394748218242
F           -0.07075688745029        0.81908508480020        1.10797203772075
Cl          -1.45289894238724       -0.91699330311849       -0.13561544906082
Cl           1.46444909755823       -0.90755859019592        0.04371695035713
5
 energy: -20.689667762902 gnorm: 0.002677582773 xtb: 6.7.1 (6d44803) iter: 4
F            0.05975954484470        0.92735951506743       -1.02094351008309
C           -0.00050860499832        0.08037269233452        0.00404816716237
F           -0.07081551545932        0.81925685909248        1.10891656933039
Cl          -1.45345627200579       -0.91821371720994       -0.13571154103647
Cl           1.46502184761873       -0.90877534928449        0.04369031462681
5
 energy: -20.689680084068 gnorm: 0.000077969254 xtb: 6.7.1 (6d44803) iter: 5
F            0.05982329014866        0.92761113214905       -1.02199359350958
C           -0.00052722424640        0.08331723316180        0.00419650638433
F           -0.07088176382796        0.81940082656480        1.10998653381007
Cl          -1.45534576356897       -0.91988993157925       -0.13591244210606
Cl           1.46693246149467       -0.91043926029640        0.04372299542123
5
 energy: -20.689680099918 gnorm: 0.000022600208 xtb: 6.7.1 (6d44803) iter: 6
F            0.05981784113283        0.92769523028227       -1.02190938919819
C           -0.00052698943398        0.08328082974761        0.00419466989558
F           -0.07087743131958        0.81949303402054        1.10991121904773
Cl          -1.45546907400754       -0.91996028433783       -0.13592357654141
Cl           1.46705665362827       -0.91050880971259        0.04372707679629
