5
 energy: -21.075484688315 gnorm: 0.053457216347 xtb: 6.7.1 (6d44803) iter: 1
F           -0.81157000000000       -0.46662100000000       -0.96368600000000
C            0.00000000000000        0.00000000000000        0.00000000000000
F           -0.25051800000000        1.30412700000000        0.20387200000000
F           -0.21773500000000       -0.68102100000000        1.13748500000000
F            1.27982300000000       -0.15648500000000       -0.37767200000000
5
 energy: -21.078057065039 gnorm: 0.022615872832 xtb: 6.7.1 (6d44803) iter: 2
F           -0.80085476799151       -0.46046042770044       -0.95096204592301
C            0.00000002282943        0.00000002650162       -0.00000006228302
F           -0.24721012180311        1.28690859638022        0.20118027806400
F           -0.21486056861708       -0.67202955587170        1.12246649618297
F            1.26292543558226       -0.15441863930970       -0.37268566604094
5
 energy: -21.078557729257 gnorm: 0.002590086595 xtb: 6.7.1 (6d44803) iter: 3
F           -0.79301622246808       -0.45595382292769       -0.94165399596933
C            0.00000001903792        0.00000002679451       -0.00000014607598
F           -0.24479020604312        1.27431277388753        0.19921120029384
F           -0.21275789130664       -0.66545204152208        1.11147994493031
F            1.25056430077992       -0.15290693623228       -0.36903800317884
5
 energy: -21.078563969435 gnorm: 0.000109270130 xtb: 6.7.1 (6d44803) iter: 4
F           -0.79382167583077       -0.45641693865525       -0.94261040569442
C            0.00000001102811        0.00000001590529       -0.00000016226854
F           -0.24503880540241        1.27560706031942        0.19941353988934
F           -0.21297399310600       -0.66612792416709        1.11260884708094
F            1.25183446331107       -0.15306221340236       -0.36941281900731
5
 energy: -21.078563977899 gnorm: 0.000054522327 xtb: 6.7.1 (6d44803) iter: 5
F           -0.79377277376452       -0.45638884944185       -0.94255230501200
C            0.00000000453768        0.00000000687223       -0.00000018374723
F           -0.24502366780556        1.27552848145315        0.19940126030304
F           -0.21296090475130       -0.66608689677336        1.11254029129789
F            1.25175734178371       -0.15305274211017       -0.36939006284169
