14
 energy: -17.896557025098 gnorm: 0.036521884830 xtb: 6.7.1 (6d44803) iter: 1
C           -0.64557400000000        1.22240700000000        0.45246600000000
C           -0.02123200000000        0.09162500000000       -0.35494800000000
C            1.45212200000000       -0.08368100000000       -0.01015500000000
C           -0.79006700000000       -1.20985800000000       -0.16674900000000
F           -0.10017900000000        0.43233800000000       -1.67483800000000
H           -0.12084800000000        2.16544300000000        0.26509800000000
H           -1.68835500000000        1.37814000000000        0.15562900000000
H           -0.61684200000000        1.01577800000000        1.52712200000000
H            1.90523600000000       -0.85933300000000       -0.63690100000000
H            2.00625000000000        0.84104900000000       -0.20399900000000
H            1.59171700000000       -0.35934800000000        1.04004900000000
H           -0.76897900000000       -1.54503500000000        0.87518100000000
H           -0.36837700000000       -2.00130100000000       -0.79568100000000
H           -1.83487300000000       -1.08822400000000       -0.47227500000000
14
 energy: -17.897606661858 gnorm: 0.016328236764 xtb: 6.7.1 (6d44803) iter: 2
C           -0.64690681191323        1.22508202565656        0.45231278879433
C           -0.02095335095984        0.09042633492842       -0.35030348408784
C            1.45491871503821       -0.08357646180525       -0.01121895179752
C           -0.79168482564546       -1.21196963315576       -0.16812148913482
F           -0.10074221761483        0.43476970246340       -1.68425792842314
H           -0.11224734502622        2.15708335019240        0.26729308837136
H           -1.68700242820738        1.36613667090134        0.15731589899114
H           -0.61001441197102        1.00366347788644        1.51648036671897
H            1.89482051238734       -0.86400579362689       -0.63261701066374
H            1.99630064799918        0.84424048824792       -0.19771320422101
H            1.57526790624604       -0.35696700051832        1.03454093156714
H           -0.76054819168838       -1.53015723319731        0.87141059011908
H           -0.35896698514367       -1.99601410588960       -0.79001281210818
H           -1.83224221350073       -1.07871182208334       -0.46510978412576
14
 energy: -17.897826241728 gnorm: 0.004816396901 xtb: 6.7.1 (6d44803) iter: 3
C           -0.64825215666147        1.22754739359135        0.45384682189677
C           -0.02064304437464        0.08908907246263       -0.34512258885011
C            1.45805592664528       -0.08390176598452       -0.01067342625988
C           -0.79333932645724       -1.21470121150573       -0.16791073144699
F           -0.10120909633059        0.43678642851143       -1.69206949192109
H           -0.11084194170546        2.15371210499647        0.26714291056642
H           -1.68512298853694        1.36300185452224        0.15719803298595
H           -0.60889325204654        1.00171638889670        1.51442446908736
H            1.89133023085939       -0.86379638060717       -0.63154958354915
H            1.99278011401769        0.84393688833115       -0.19677775610133
H            1.57250898224155       -0.35649656154199        1.03334105688799
H           -0.75915922217137       -1.52760431402841        0.87050014704001
H           -0.35719193023126       -1.99315872766276       -0.78857862108204
H           -1.83002329524838       -1.07613116998139       -0.46377223925391
14
 energy: -17.897843776926 gnorm: 0.002362070693 xtb: 6.7.1 (6d44803) iter: 4
C           -0.64847706375811        1.22793839666605        0.45425407627621
C           -0.02049510492894        0.08845073853058       -0.34264961617460
C            1.45860824212235       -0.08399463772191       -0.01043750862510
C           -0.79361769173784       -1.21521132544447       -0.16773299049639
F           -0.10129117345720        0.43714137128113       -1.69344411251401
H           -0.11086653643801        2.15384530867359        0.26648455389965
H           -1.68514178354469        1.36313791480291        0.15654005105258
H           -0.60958311530103        1.00294190075974        1.51548597468889
H            1.89125334224269       -0.86362466525736       -0.63219425630746
H            1.99270311134795        0.84410258911326       -0.19742518280664
H            1.57416821518142       -0.35673287627262        1.03388477141060
H           -0.76001030224315       -1.52910261670149        0.87086805079301
H           -0.35721262952974       -1.99295816761570       -0.78922040491743
H           -1.83003850995570       -1.07593393081371       -0.46441440627930
14
 energy: -17.897848947800 gnorm: 0.000524128528 xtb: 6.7.1 (6d44803) iter: 5
C           -0.64843352252336        1.22783560547513        0.45436888576374
C           -0.02038125389134        0.08795926974045       -0.34074574264232
C            1.45853724216604       -0.08402602628510       -0.01029735236271
C           -0.79356620544392       -1.21518130331475       -0.16758451354093
F           -0.10131635311099        0.43725062769615       -1.69386706592841
H           -0.11097775437535        2.15406862827931        0.26595474900505
H           -1.68519559630513        1.36339026397105        0.15601418304981
H           -0.61049728963177        1.00462203633030        1.51649061020381
H            1.89133146023823       -0.86345523309561       -0.63274853363726
H            1.99277780651469        0.84421000260845       -0.19799678470492
H            1.57629216517238       -0.35694337732576        1.03421971636056
H           -0.76113313141450       -1.53094549399205        0.87097557644316
H           -0.35733327373177       -1.99288778691669       -0.78978996820651
H           -1.83010529366320       -1.07589721317087       -0.46499475980307
14
 energy: -17.897849208537 gnorm: 0.000151739738 xtb: 6.7.1 (6d44803) iter: 6
C           -0.64831505893616        1.22761288314583        0.45427367749275
C           -0.02035378371177        0.08784066498236       -0.34028622228889
C            1.45826836005957       -0.08400756036018       -0.01030708110127
C           -0.79342096064774       -1.21495487413458       -0.16756548877116
F           -0.10130263437033        0.43719176335505       -1.69363876392187
H           -0.11098209216450        2.15405439137893        0.26584014793072
H           -1.68516891093819        1.36339177125570        0.15590154723608
H           -0.61077302462411        1.00514835446681        1.51665093291782
H            1.89128751341323       -0.86341038651398       -0.63284497194730
H            1.99273203749327        0.84422141930309       -0.19810293256537
H            1.57690590332126       -0.35697004678013        1.03418414585411
H           -0.76146950131331       -1.53145066305774        0.87087315384775
H           -0.35733301307365       -1.99282002197275       -0.78988443303542
H           -1.83007583450757       -1.07584769506839       -0.46509471164794
